// Jest Snapshot v1, https://goo.gl/fbAQLP

exports[`components/ViewImageModal should match snapshot 1`] = `
<Modal
  animation={true}
  autoFocus={true}
  backdrop={true}
  bsClass="modal"
  className="modal-image"
  dialogClassName="modal-image"
  dialogComponentClass={[Function]}
  enforceFocus={true}
  keyboard={true}
  manager={
    ModalManager {
      "add": [Function],
      "containers": Array [],
      "data": Array [],
      "handleContainerOverflow": true,
      "hideSiblingNodes": true,
      "isTopModal": [Function],
      "modals": Array [],
      "remove": [Function],
    }
  }
  onHide={[Function]}
  renderBackdrop={[Function]}
  restoreFocus={true}
  show={true}
>
  <ModalBody
    bsClass="modal-body"
    componentClass="div"
    modalClassName="modal-image__body"
    onClick={[Function]}
  >
    <div
      className="modal-image__wrapper"
      onClick={[Function]}
    >
      <div
        onClick={[Function]}
        onMouseEnter={[Function]}
        onMouseLeave={[Function]}
      >
        <div
          className="modal-close"
          onClick={[Function]}
        />
        <div
          className="modal-image__content"
        >
          <LoadingImagePreview
            loading="Loading "
            progress={0}
          />
        </div>
        <ViewImagePopoverBar
          fileIndex={0}
          fileURL="/api/v4/files/{file_id}"
          filename=""
          onGetPublicLink={[Function]}
          show={false}
          totalFiles={1}
        />
      </div>
    </div>
  </ModalBody>
</Modal>
`;
